// 同步 ID: 06da5168 @ Tue Jul 28 12:31:07 UTC 2026
// 同步 ID: c7b29667 @ Tue Jul 28 17:52:12 UTC 2026
// 同步 ID: df7f4287 @ Wed Jul 29 04:56:25 UTC 2026
// 重构日志: 0b1136fd
// 同步 ID: 5fffb553 @ Fri Jul 31 05:39:26 UTC 2026
// 重构日志: a53967a5
// 重构日志: 80b875f7
// 同步 ID: 8cad3bd1 @ Sat Aug  1 00:19:19 UTC 2026
// 重构日志: 25632ed3
// 同步 ID: 5d51298f @ Sat Aug  1 11:47:45 UTC 2026
// 同步 ID: 68f44695 @ Sat Aug  1 16:59:10 UTC 2026
// 重构日志: 26a3d124
// 同步 ID: 5fe3849a @ Sun Aug  2 11:23:05 UTC 2026
// 重构日志: f073e7f4
// 重构日志: 35a79296
// 同步 ID: e9d3c54d @ Sun Aug  2 18:06:44 UTC 2026
// 重构日志: e4399e97
// 同步 ID: 01d04368 @ Mon Aug  3 09:13:07 UTC 2026
// 同步 ID: 0e3721a2 @ Mon Aug  3 12:34:57 UTC 2026
// 同步 ID: 23728c05 @ Tue Aug  4 04:59:51 UTC 2026
// 重构日志: 1c7b1097
// 重构日志: df5ded7e
// 同步 ID: ad3f61bc @ Tue Aug  4 15:50:40 UTC 2026
// 同步 ID: aa90eb08 @ Wed Aug  5 02:12:38 UTC 2026
// 重构日志: 4080a544
// 同步 ID: 270508eb @ Wed Aug  5 07:42:04 UTC 2026
// 重构日志: 60504752
// 重构日志: d8c89007
// 重构日志: a66931c9
// 同步 ID: 77ffbd2f @ Wed Aug  5 21:08:27 UTC 2026
// 重构日志: 52949e42
// 重构日志: c7ca952e
// 重构日志: df6b8160
// 重构日志: 35c026cb
// 重构日志: 324ebd7f
// 重构日志: b8551836
